=== Improved Test Case Generator - Requirement-Specific Test Names & Steps ===

Γû╢ Requirement: FR-20.01
ΓöÇΓöÇΓöÇΓöÇΓöÇΓöÇΓöÇΓöÇΓöÇΓöÇΓöÇΓöÇΓöÇΓöÇΓöÇΓöÇΓöÇΓöÇΓöÇΓöÇΓöÇΓöÇΓöÇΓöÇΓöÇΓöÇΓöÇΓöÇΓöÇΓöÇΓöÇΓöÇΓöÇΓöÇΓöÇΓöÇΓöÇΓöÇΓöÇΓöÇΓöÇΓöÇΓöÇΓöÇΓöÇΓöÇΓöÇΓöÇΓöÇΓöÇΓöÇΓöÇΓöÇΓöÇΓöÇΓöÇΓöÇ

  Test ID: FR-20.01_TC_001
  Type: Positive
  Name: [POSITIVE] Validate user credentials - Happy Path
  Description: Verify that User can successfully validate user credentials with valid inputs
  Steps:
    - 1. User navigates to the User module/page
    - 2. User enters valid data in password field(s)
    - 3. User submits the form or initiates the process
    - 4. System validates format validation successfully
    - 5. System executes business logic and updates relevant data
    - 6. User receives success confirmation message with transaction/action ID


  Test ID: FR-20.01_TC_002
  Type: Negative
  Name: [NEGATIVE] Validate user credentials - Invalid Input
  Description: Verify that system properly rejects invalid input and prevents unauthorized access for Validate user credentials
  Steps:
    - 1. User navigates to User module
    - 2. User enters invalid/missing data in Password field
    - 3. User submits the form
    - 4. System detects validation error(s)
    - 5. System displays specific error message highlighting invalid field(s)
    - 6. User is prevented from proceeding; data is NOT saved


  Test ID: FR-20.01_TC_003
  Type: Edge Case
  Name: [EDGE CASE] Validate user credentials - Boundary Conditions
  Description: Verify behavior under boundary conditions and stress scenarios for Validate user credentials
  Steps:
    - 1. User accesses user at boundary condition (min/max/deadline)
    - 2. User tests with constraint: 12 characters
    - 3. System receives boundary value input
    - 4. System validates and processes boundary condition correctly
    - 5. System handles concurrent/simultaneous requests if applicable
    - 6. System remains stable and responsive within acceptable performance parameters


  Test ID: FR-20.01_TC_004
  Type: Alternate Flow
  Name: [ALTERNATE FLOW] Validate user credentials - Alternate Scenario
  Description: Verify alternate scenarios, exception handling, or workflow variations for Validate user credentials
  Steps:
    - 1. System initiates alternate or exceptional workflow path
    - 2. System validates prerequisites for alternate flow
    - 3. System routes request through alternate business logic
    - 4. System maintains data consistency throughout alternate path
    - 5. System notifies relevant stakeholders or systems of alternate flow execution
    - 6. Audit trail records alternate flow with timestamp and System details


Γû╢ Requirement: FR-20.02
ΓöÇΓöÇΓöÇΓöÇΓöÇΓöÇΓöÇΓöÇΓöÇΓöÇΓöÇΓöÇΓöÇΓöÇΓöÇΓöÇΓöÇΓöÇΓöÇΓöÇΓöÇΓöÇΓöÇΓöÇΓöÇΓöÇΓöÇΓöÇΓöÇΓöÇΓöÇΓöÇΓöÇΓöÇΓöÇΓöÇΓöÇΓöÇΓöÇΓöÇΓöÇΓöÇΓöÇΓöÇΓöÇΓöÇΓöÇΓöÇΓöÇΓöÇΓöÇΓöÇΓöÇΓöÇΓöÇΓöÇΓöÇ

  Test ID: FR-20.02_TC_001
  Type: Positive
  Name: [POSITIVE] Register - Implement Multi - Happy Path
  Description: Verify that User can successfully register - implement multi with valid inputs
  Steps:
    - 1. User navigates to the User module/page
    - 2. User enters valid data in email, phone, time field(s)
    - 3. User clicks "Register" button or triggers the register action
    - 4. System validates security validation successfully
    - 5. System processes the request and sends notification/email if required
    - 6. User receives success confirmation message with transaction/action ID


  Test ID: FR-20.02_TC_002
  Type: Negative
  Name: [NEGATIVE] Implement Multi - Invalid Input
  Description: Verify that system properly rejects invalid input and prevents unauthorized access for Implement Multi
  Steps:
    - 1. User navigates to User module
    - 2. User enters invalid/missing data in Email field
    - 3. User submits the form
    - 4. System detects validation error(s)
    - 5. System displays specific error message highlighting invalid field(s)
    - 6. User is prevented from proceeding; data is NOT saved


  Test ID: FR-20.02_TC_003
  Type: Edge Case
  Name: [EDGE CASE] Implement Multi - Boundary Conditions
  Description: Verify behavior under boundary conditions and stress scenarios for Implement Multi
  Steps:
    - 1. User accesses user at boundary condition (min/max/deadline)
    - 2. User tests with constraint: shall implement multi-factor authentication (MFA)...
    - 3. System receives boundary value input
    - 4. System validates and processes boundary condition correctly
    - 5. System handles concurrent/simultaneous requests if applicable
    - 6. System remains stable and responsive within acceptable performance parameters


  Test ID: FR-20.02_TC_004
  Type: Alternate Flow
  Name: [ALTERNATE FLOW] Implement Multi - Alternate Scenario
  Description: Verify alternate scenarios, exception handling, or workflow variations for Implement Multi
  Steps:
    - 1. System initiates alternate or exceptional workflow path
    - 2. System validates prerequisites for alternate flow
    - 3. System routes request through alternate business logic
    - 4. System maintains data consistency throughout alternate path
    - 5. System notifies relevant stakeholders or systems of alternate flow execution
    - 6. Audit trail records alternate flow with timestamp and System details


Γû╢ Requirement: FR-20.03
ΓöÇΓöÇΓöÇΓöÇΓöÇΓöÇΓöÇΓöÇΓöÇΓöÇΓöÇΓöÇΓöÇΓöÇΓöÇΓöÇΓöÇΓöÇΓöÇΓöÇΓöÇΓöÇΓöÇΓöÇΓöÇΓöÇΓöÇΓöÇΓöÇΓöÇΓöÇΓöÇΓöÇΓöÇΓöÇΓöÇΓöÇΓöÇΓöÇΓöÇΓöÇΓöÇΓöÇΓöÇΓöÇΓöÇΓöÇΓöÇΓöÇΓöÇΓöÇΓöÇΓöÇΓöÇΓöÇΓöÇΓöÇ

  Test ID: FR-20.03_TC_001
  Type: Positive
  Name: [POSITIVE] Send - Provide password reset functionality - Happy Path
  Description: Verify that User can successfully send - provide password reset functionality with valid inputs
  Steps:
    - 1. User navigates to the User module/page
    - 2. User enters valid data in password, email field(s)
    - 3. User clicks "Send" button or triggers the send action
    - 4. System validates security validation successfully
    - 5. System processes the request and sends notification/email if required
    - 6. User receives success confirmation message with transaction/action ID


  Test ID: FR-20.03_TC_002
  Type: Negative
  Name: [NEGATIVE] Provide password reset functionality - Invalid Input
  Description: Verify that system properly rejects invalid input and prevents unauthorized access for Provide password reset functionality
  Steps:
    - 1. User navigates to User module
    - 2. User enters invalid/missing data in Password field
    - 3. User submits the form
    - 4. System detects validation error(s)
    - 5. System displays specific error message highlighting invalid field(s)
    - 6. User is prevented from proceeding; data is NOT saved


  Test ID: FR-20.03_TC_003
  Type: Edge Case
  Name: [EDGE CASE] Provide password reset functionality - Boundary Conditions
  Description: Verify behavior under boundary conditions and stress scenarios for Provide password reset functionality
  Steps:
    - 1. User accesses user at boundary condition (min/max/deadline)
    - 2. User tests with constraint: 24 hours
    - 3. System receives boundary value input
    - 4. System validates and processes boundary condition correctly
    - 5. System handles concurrent/simultaneous requests if applicable
    - 6. System remains stable and responsive within acceptable performance parameters


  Test ID: FR-20.03_TC_004
  Type: Alternate Flow
  Name: [ALTERNATE FLOW] Provide password reset functionality - Alternate Scenario
  Description: Verify alternate scenarios, exception handling, or workflow variations for Provide password reset functionality
  Steps:
    - 1. System initiates alternate or exceptional workflow path
    - 2. System validates prerequisites for alternate flow
    - 3. System routes request through alternate business logic
    - 4. System maintains data consistency throughout alternate path
    - 5. System notifies relevant stakeholders or systems of alternate flow execution
    - 6. Audit trail records alternate flow with timestamp and System details


Γû╢ Requirement: FR-30.01
ΓöÇΓöÇΓöÇΓöÇΓöÇΓöÇΓöÇΓöÇΓöÇΓöÇΓöÇΓöÇΓöÇΓöÇΓöÇΓöÇΓöÇΓöÇΓöÇΓöÇΓöÇΓöÇΓöÇΓöÇΓöÇΓöÇΓöÇΓöÇΓöÇΓöÇΓöÇΓöÇΓöÇΓöÇΓöÇΓöÇΓöÇΓöÇΓöÇΓöÇΓöÇΓöÇΓöÇΓöÇΓöÇΓöÇΓöÇΓöÇΓöÇΓöÇΓöÇΓöÇΓöÇΓöÇΓöÇΓöÇΓöÇ

  Test ID: FR-30.01_TC_001
  Type: Positive
  Name: [POSITIVE] Upload - Allow users - Happy Path
  Description: Verify that User can successfully upload - allow users with valid inputs
  Steps:
    - 1. User navigates to the File module/page
    - 2. User provides all required valid information
    - 3. User clicks "Upload" button or triggers the upload action
    - 4. System validates format validation successfully
    - 5. System executes business logic and updates relevant data
    - 6. User receives success confirmation message with transaction/action ID


  Test ID: FR-30.01_TC_002
  Type: Negative
  Name: [NEGATIVE] Allow users - Invalid Input
  Description: Verify that system properly rejects invalid input and prevents unauthorized access for Allow users
  Steps:
    - 1. User navigates to File module
    - 2. User attempts action with invalid or incomplete data
    - 3. User submits the form
    - 4. System detects validation error(s)
    - 5. System displays specific error message highlighting invalid field(s)
    - 6. User is prevented from proceeding; data is NOT saved


  Test ID: FR-30.01_TC_003
  Type: Edge Case
  Name: [EDGE CASE] Allow users - Boundary Conditions
  Description: Verify behavior under boundary conditions and stress scenarios for Allow users
  Steps:
    - 1. User accesses file at boundary condition (min/max/deadline)
    - 2. User tests with constraint: shall allow users to upload PDF documents up to 1...
    - 3. System receives boundary value input
    - 4. System validates and processes boundary condition correctly
    - 5. System handles concurrent/simultaneous requests if applicable
    - 6. System remains stable and responsive within acceptable performance parameters


  Test ID: FR-30.01_TC_004
  Type: Alternate Flow
  Name: [ALTERNATE FLOW] Allow users - Alternate Scenario
  Description: Verify alternate scenarios, exception handling, or workflow variations for Allow users
  Steps:
    - 1. System initiates alternate or exceptional workflow path
    - 2. System validates prerequisites for alternate flow
    - 3. System routes request through alternate business logic
    - 4. System maintains data consistency throughout alternate path
    - 5. System notifies relevant stakeholders or systems of alternate flow execution
    - 6. Audit trail records alternate flow with timestamp and System details


Γû╢ Requirement: FR-30.02
ΓöÇΓöÇΓöÇΓöÇΓöÇΓöÇΓöÇΓöÇΓöÇΓöÇΓöÇΓöÇΓöÇΓöÇΓöÇΓöÇΓöÇΓöÇΓöÇΓöÇΓöÇΓöÇΓöÇΓöÇΓöÇΓöÇΓöÇΓöÇΓöÇΓöÇΓöÇΓöÇΓöÇΓöÇΓöÇΓöÇΓöÇΓöÇΓöÇΓöÇΓöÇΓöÇΓöÇΓöÇΓöÇΓöÇΓöÇΓöÇΓöÇΓöÇΓöÇΓöÇΓöÇΓöÇΓöÇΓöÇΓöÇ

  Test ID: FR-30.02_TC_001
  Type: Positive
  Name: [POSITIVE] Maintain document version history - Happy Path
  Description: Verify that User can successfully maintain document version history with valid inputs
  Steps:
    - 1. User navigates to the User module/page
    - 2. User provides all required valid information
    - 3. User submits the form or initiates the process
    - 4. System validates input and processes request
    - 5. System executes business logic and updates relevant data
    - 6. User receives success confirmation message with transaction/action ID


  Test ID: FR-30.02_TC_002
  Type: Negative
  Name: [NEGATIVE] Maintain document version history - Invalid Input
  Description: Verify that system properly rejects invalid input and prevents unauthorized access for Maintain document version history
  Steps:
    - 1. User navigates to User module
    - 2. User attempts action with invalid or incomplete data
    - 3. User submits the form
    - 4. System detects validation error(s)
    - 5. System displays specific error message highlighting invalid field(s)
    - 6. User is prevented from proceeding; data is NOT saved


  Test ID: FR-30.02_TC_003
  Type: Edge Case
  Name: [EDGE CASE] Maintain document version history - Boundary Conditions
  Description: Verify behavior under boundary conditions and stress scenarios for Maintain document version history
  Steps:
    - 1. User accesses user at boundary condition (min/max/deadline)
    - 2. User tests with constraint: shall maintain document version history with auto...
    - 3. System receives boundary value input
    - 4. System validates and processes boundary condition correctly
    - 5. System handles concurrent/simultaneous requests if applicable
    - 6. System remains stable and responsive within acceptable performance parameters


  Test ID: FR-30.02_TC_004
  Type: Alternate Flow
  Name: [ALTERNATE FLOW] Maintain document version history - Alternate Scenario
  Description: Verify alternate scenarios, exception handling, or workflow variations for Maintain document version history
  Steps:
    - 1. System initiates alternate or exceptional workflow path
    - 2. System validates prerequisites for alternate flow
    - 3. System routes request through alternate business logic
    - 4. System maintains data consistency throughout alternate path
    - 5. System notifies relevant stakeholders or systems of alternate flow execution
    - 6. Audit trail records alternate flow with timestamp and System details



=== Key Improvements ===
Γ£ô Test names now include specific requirement details (not generic)
Γ£ô Test names vary based on test type (Positive, Negative, Edge, Alternate)
Γ£ô Test steps are specific to requirement content (not templated)
Γ£ô Steps reference actual fields/objects mentioned in requirement
Γ£ô Steps reflect the actual business logic (validation, MFA, versioning, etc.)
Γ£ô Each sub-requirement generates 4 unique test scenarios
